[baseline-browser-mapping] The data in this module is over two months old.  To ensure accurate Baseline data, please update: `npm i baseline-browser-mapping@latest -D`
   ▲ Next.js 16.0.10 (webpack)

   Creating an optimized production build ...
[baseline-browser-mapping] The data in this module is over two months old.  To ensure accurate Baseline data, please update: `npm i baseline-browser-mapping@latest -D`
[baseline-browser-mapping] The data in this module is over two months old.  To ensure accurate Baseline data, please update: `npm i baseline-browser-mapping@latest -D`
[baseline-browser-mapping] The data in this module is over two months old.  To ensure accurate Baseline data, please update: `npm i baseline-browser-mapping@latest -D`
 ✓ Compiled successfully in 16.6s
   Running TypeScript ...
   Collecting page data using 3 workers ...
[baseline-browser-mapping] The data in this module is over two months old.  To ensure accurate Baseline data, please update: `npm i baseline-browser-mapping@latest -D`
[baseline-browser-mapping] The data in this module is over two months old.  To ensure accurate Baseline data, please update: `npm i baseline-browser-mapping@latest -D`
[baseline-browser-mapping] The data in this module is over two months old.  To ensure accurate Baseline data, please update: `npm i baseline-browser-mapping@latest -D`
POSTMARK_API_KEY is not set. Email sending will be disabled.
POSTMARK_API_KEY is not set. Email sending will be disabled.
POSTMARK_API_KEY is not set. Email sending will be disabled.
   Generating static pages using 3 workers (0/40) ...
[baseline-browser-mapping] The data in this module is over two months old.  To ensure accurate Baseline data, please update: `npm i baseline-browser-mapping@latest -D`
[baseline-browser-mapping] The data in this module is over two months old.  To ensure accurate Baseline data, please update: `npm i baseline-browser-mapping@latest -D`
POSTMARK_API_KEY is not set. Email sending will be disabled.
   Generating static pages using 3 workers (10/40) 
POSTMARK_API_KEY is not set. Email sending will be disabled.
NEXT_PUBLIC_STRIPE_PUBLISHABLE_KEY is not set; Stripe Elements will be disabled.
   Generating static pages using 3 workers (20/40) 
   Generating static pages using 3 workers (30/40) 
 ✓ Generating static pages using 3 workers (40/40) in 1057.7ms
   Finalizing page optimization ...
   Collecting build traces ...

Route (app)                                                 Revalidate  Expire
┌ ○ /                                                               5m      1y
├ ○ /_not-found
├ ○ /admin
├ ○ /admin/details
├ ƒ /admin/emails
├ ○ /admin/marketing
├ ○ /admin/messages
├ ○ /admin/pricing
├ ○ /admin/setup
├ ƒ /api/admin/bookings/lookup
├ ƒ /api/admin/bookings/messages
├ ƒ /api/admin/calendar-check
├ ƒ /api/admin/calendar-feeds
├ ƒ /api/admin/emails/send-sample
├ ƒ /api/admin/features
├ ƒ /api/admin/guests
├ ƒ /api/admin/login
├ ƒ /api/admin/logout
├ ƒ /api/admin/marketing/send
├ ƒ /api/admin/ops-details
├ ƒ /api/admin/properties
├ ƒ /api/admin/properties/[id]/rates
├ ƒ /api/admin/properties/[id]/settings
├ ƒ /api/admin/properties/[id]/special-pricing
├ ƒ /api/admin/properties/[id]/special-pricing/[specialId]
├ ƒ /api/admin/properties/settings
├ ƒ /api/admin/session
├ ƒ /api/bookings
├ ƒ /api/bookings/[bookingId]
├ ƒ /api/bookings/[bookingId]/cancel
├ ƒ /api/bookings/[bookingId]/conversation
├ ƒ /api/bookings/[bookingId]/messages
├ ƒ /api/cron/automations
├ ƒ /api/cron/ical-sync
├ ƒ /api/guides/[slug]/[kind]
├ ƒ /api/ical/[slug]
├ ƒ /api/owner-interest
├ ƒ /api/properties/[slug]/blocked-dates
├ ƒ /api/properties/[slug]/check-availability
├ ƒ /api/properties/[slug]/sync-ical
├ ƒ /api/stripe
├ ƒ /api/tools/sb-tot/calculate
├ ƒ /api/tools/sb-tot/pdf
├ ƒ /api/trip-access/[ref]
├ ƒ /api/wifi-lead
├ ƒ /connect/[slug]
├ ○ /my-trips
├ ƒ /my-trips/[ref]/essential
├ ƒ /my-trips/[ref]/guide
├ ƒ /my-trips/[ref]/inbox
├ ○ /my-trips/essential
├ ○ /my-trips/guide
├ ○ /my-trips/inbox
├ ○ /owners
├ ○ /privacy
├ ● /property/[slug]                                                5m      1y
│ ├ /property/summerland-ocean-view-beach-bungalow                  5m      1y
│ └ /property/steamboat-downtown-townhome                           5m      1y
├ ƒ /property/[slug]/opengraph-image
├ ○ /robots.txt
├ ○ /sitemap.xml
└ ○ /tools/sb-tot


○  (Static)   prerendered as static content
●  (SSG)      prerendered as static HTML (uses generateStaticParams)
ƒ  (Dynamic)  server-rendered on demand

